#
# There is insufficient memory for the Java Runtime Environment to continue.
# Native memory allocation (malloc) failed to allocate 2452016 bytes for Chunk::new
# Possible reasons:
#   The system is out of physical RAM or swap space
#   The process is running with CompressedOops enabled, and the Java Heap may be blocking the growth of the native heap
# Possible solutions:
#   Reduce memory load on the system
#   Increase physical memory or swap space
#   Check if swap backing store is full
#   Decrease Java heap size (-Xmx/-Xms)
#   Decrease number of Java threads
#   Decrease Java thread stack sizes (-Xss)
#   Set larger code cache with -XX:ReservedCodeCacheSize=
#   JVM is running with Unscaled Compressed Oops mode in which the Java heap is
#     placed in the first 4GB address space. The Java Heap base address is the
#     maximum limit for the native heap growth. Please use -XX:HeapBaseMinAddress
#     to set the Java Heap base and to place the Java Heap above 4GB virtual address.
# This output file may be truncated or incomplete.
#
#  Out of Memory Error (allocation.cpp:389), pid=39408, tid=0x0000000000003328
#
# JRE version: OpenJDK Runtime Environment (8.0_452-b09) (build 1.8.0_452-b09)
# Java VM: OpenJDK 64-Bit Server VM (25.452-b09 mixed mode windows-amd64 compressed oops)
# Failed to write core dump. Minidumps are not enabled by default on client versions of Windows
#

---------------  T H R E A D  ---------------

Current thread (0x000002cedf75a000):  JavaThread "C2 CompilerThread2" daemon [_thread_in_native, id=13096, stack(0x000000d173200000,0x000000d173300000)]

Stack: [0x000000d173200000,0x000000d173300000]
[error occurred during error reporting (printing stack bounds), id 0xc0000005]

Native frames: (J=compiled Java code, j=interpreted, Vv=VM code, C=native code)


Current CompileTask:
C2:   7432 2347       4       org.springframework.asm.ClassReader::accept (1373 bytes)


---------------  P R O C E S S  ---------------

Java Threads: ( => current thread )
  0x000002cedf7b7800 JavaThread "Service Thread" daemon [_thread_blocked, id=14188, stack(0x000000d173400000,0x000000d173500000)]
  0x000002cedf75b000 JavaThread "C1 CompilerThread3" daemon [_thread_blocked, id=28596, stack(0x000000d173300000,0x000000d173400000)]
=>0x000002cedf75a000 JavaThread "C2 CompilerThread2" daemon [_thread_in_native, id=13096, stack(0x000000d173200000,0x000000d173300000)]
  0x000002cedf753800 JavaThread "C2 CompilerThread1" daemon [_thread_in_native, id=29120, stack(0x000000d173100000,0x000000d173200000)]
  0x000002cedf739800 JavaThread "C2 CompilerThread0" daemon [_thread_in_native, id=26924, stack(0x000000d173000000,0x000000d173100000)]
  0x000002cedf716800 JavaThread "IntelliJ Suspend Helper" daemon [_thread_blocked, id=39740, stack(0x000000d172f00000,0x000000d173000000)]
  0x000002cedf67c800 JavaThread "JDWP Command Reader" daemon [_thread_in_native, id=22332, stack(0x000000d172e00000,0x000000d172f00000)]
  0x000002cedf675800 JavaThread "JDWP Event Helper Thread" daemon [_thread_blocked, id=39724, stack(0x000000d172d00000,0x000000d172e00000)]
  0x000002cedf65b800 JavaThread "JDWP Transport Listener: dt_socket" daemon [_thread_blocked, id=20012, stack(0x000000d172c00000,0x000000d172d00000)]
  0x000002cedf64d800 JavaThread "Attach Listener" daemon [_thread_blocked, id=26676, stack(0x000000d172b00000,0x000000d172c00000)]
  0x000002cedf64b000 JavaThread "Signal Dispatcher" daemon [_thread_blocked, id=37452, stack(0x000000d172a00000,0x000000d172b00000)]
  0x000002cedf61d800 JavaThread "Finalizer" daemon [_thread_blocked, id=16940, stack(0x000000d172900000,0x000000d172a00000)]
  0x000002cedf616800 JavaThread "Reference Handler" daemon [_thread_blocked, id=30700, stack(0x000000d172800000,0x000000d172900000)]
  0x000002cec9b89000 JavaThread "main" [_thread_in_native, id=18428, stack(0x000000d171c00000,0x000000d171d00000)]

Other Threads:
  0x000002cede306800 VMThread [stack: 0x000000d172700000,0x000000d172800000] [id=18376]
  0x000002cedf7e1800 WatcherThread [stack: 0x000000d173500000,0x000000d173600000] [id=39568]

VM state:not at safepoint (normal execution)

VM Mutex/Monitor currently owned by a thread: None

heap address: 0x0000000082800000, size: 2008 MB, Compressed Oops mode: 32-bit
Narrow klass base: 0x0000000000000000, Narrow klass shift: 3
Compressed class space size: 1073741824 Address: 0x0000000100000000

Heap:
 PSYoungGen      total 98304K, used 97936K [0x00000000d6300000, 0x00000000deb00000, 0x0000000100000000)
  eden space 94720K, 99% used [0x00000000d6300000,0x00000000dbf5c9f0,0x00000000dbf80000)
  from space 3584K, 93% used [0x00000000de780000,0x00000000deac7900,0x00000000deb00000)
  to   space 6656K, 0% used [0x00000000dde00000,0x00000000dde00000,0x00000000de480000)
 ParOldGen       total 57344K, used 7042K [0x0000000082800000, 0x0000000086000000, 0x00000000d6300000)
  object space 57344K, 12% used [0x0000000082800000,0x0000000082ee08d0,0x0000000086000000)
 Metaspace       used 24743K, capacity 25468K, committed 25728K, reserved 1071104K
  class space    used 3139K, capacity 3334K, committed 3456K, reserved 1048576K

Card table byte_map: [0x000002ced8fd0000,0x000002ced93c0000] byte_map_base: 0x000002ced8bbc000

Marking Bits: (ParMarkBitMap*) 0x00000000601148d0
 Begin Bits: [0x000002ced9660000, 0x000002cedb5c0000)
 End Bits:   [0x000002cedb5c0000, 0x000002cedd520000)

Polling page: 0x000002cec7860000

CodeCache: size=245760Kb used=8961Kb max_used=8979Kb free=236798Kb
 bounds [0x000002cec9c10000, 0x000002ceca4e0000, 0x000002ced8c10000]
 total_blobs=2729 nmethods=2345 adapters=303
 compilation: enabled

Compilation events (10 events):
Event: 7.139 Thread 0x000002cedf75b000 nmethod 2343 0x000002ceca4c9a90 code [0x000002ceca4c9d40, 0x000002ceca4caf20]
Event: 7.139 Thread 0x000002cedf75b000 2344       1       java.util.Collections$EmptySet::size (2 bytes)
Event: 7.139 Thread 0x000002cedf75b000 nmethod 2344 0x000002ceca4a6190 code [0x000002ceca4a62e0, 0x000002ceca4a63f8]
Event: 7.170 Thread 0x000002cedf75a000 2345       4       org.springframework.asm.ClassReader::readField (666 bytes)
Event: 7.233 Thread 0x000002cedf75a000 nmethod 2345 0x000002ceca4d1710 code [0x000002ceca4d1b00, 0x000002ceca4d6a50]
Event: 7.233 Thread 0x000002cedf75a000 2347       4       org.springframework.asm.ClassReader::accept (1373 bytes)
Event: 7.244 Thread 0x000002cedf75b000 2348       3       java.lang.Long::valueOf (36 bytes)
Event: 7.244 Thread 0x000002cedf75b000 nmethod 2348 0x000002ceca4d1010 code [0x000002ceca4d1180, 0x000002ceca4d14f8]
Event: 7.333 Thread 0x000002cedf75b000 2350       3       org.springframework.asm.ClassReader::readLong (29 bytes)
Event: 7.333 Thread 0x000002cedf75b000 nmethod 2350 0x000002ceca4d0b50 code [0x000002ceca4d0cc0, 0x000002ceca4d0ee0]

GC Heap History (10 events):
Event: 3.200 GC heap before
{Heap before GC invocations=5 (full 0):
 PSYoungGen      total 37888K, used 37640K [0x00000000d6300000, 0x00000000dad00000, 0x0000000100000000)
  eden space 32768K, 100% used [0x00000000d6300000,0x00000000d8300000,0x00000000d8300000)
  from space 5120K, 95% used [0x00000000d8800000,0x00000000d8cc20c0,0x00000000d8d00000)
  to   space 5120K, 0% used [0x00000000d8300000,0x00000000d8300000,0x00000000d8800000)
 ParOldGen       total 86016K, used 40K [0x0000000082800000, 0x0000000087c00000, 0x00000000d6300000)
  object space 86016K, 0% used [0x0000000082800000,0x000000008280a000,0x0000000087c00000)
 Metaspace       used 14909K, capacity 15366K, committed 15616K, reserved 1062912K
  class space    used 1872K, capacity 1989K, committed 2048K, reserved 1048576K
Event: 3.203 GC heap after
Heap after GC invocations=5 (full 0):
 PSYoungGen      total 37888K, used 5106K [0x00000000d6300000, 0x00000000daf00000, 0x0000000100000000)
  eden space 32768K, 0% used [0x00000000d6300000,0x00000000d6300000,0x00000000d8300000)
  from space 5120K, 99% used [0x00000000d8300000,0x00000000d87fca38,0x00000000d8800000)
  to   space 6144K, 0% used [0x00000000da900000,0x00000000da900000,0x00000000daf00000)
 ParOldGen       total 86016K, used 162K [0x0000000082800000, 0x0000000087c00000, 0x00000000d6300000)
  object space 86016K, 0% used [0x0000000082800000,0x0000000082828920,0x0000000087c00000)
 Metaspace       used 14909K, capacity 15366K, committed 15616K, reserved 1062912K
  class space    used 1872K, capacity 1989K, committed 2048K, reserved 1048576K
}
Event: 3.496 GC heap before
{Heap before GC invocations=6 (full 0):
 PSYoungGen      total 37888K, used 37874K [0x00000000d6300000, 0x00000000daf00000, 0x0000000100000000)
  eden space 32768K, 100% used [0x00000000d6300000,0x00000000d8300000,0x00000000d8300000)
  from space 5120K, 99% used [0x00000000d8300000,0x00000000d87fca38,0x00000000d8800000)
  to   space 6144K, 0% used [0x00000000da900000,0x00000000da900000,0x00000000daf00000)
 ParOldGen       total 86016K, used 162K [0x0000000082800000, 0x0000000087c00000, 0x00000000d6300000)
  object space 86016K, 0% used [0x0000000082800000,0x0000000082828920,0x0000000087c00000)
 Metaspace       used 18223K, capacity 18774K, committed 19072K, reserved 1067008K
  class space    used 2247K, capacity 2397K, committed 2432K, reserved 1048576K
Event: 3.503 GC heap after
Heap after GC invocations=6 (full 0):
 PSYoungGen      total 70656K, used 6121K [0x00000000d6300000, 0x00000000db100000, 0x0000000100000000)
  eden space 64512K, 0% used [0x00000000d6300000,0x00000000d6300000,0x00000000da200000)
  from space 6144K, 99% used [0x00000000da900000,0x00000000daefa578,0x00000000daf00000)
  to   space 7168K, 0% used [0x00000000da200000,0x00000000da200000,0x00000000da900000)
 ParOldGen       total 86016K, used 609K [0x0000000082800000, 0x0000000087c00000, 0x00000000d6300000)
  object space 86016K, 0% used [0x0000000082800000,0x0000000082898758,0x0000000087c00000)
 Metaspace       used 18223K, capacity 18774K, committed 19072K, reserved 1067008K
  class space    used 2247K, capacity 2397K, committed 2432K, reserved 1048576K
}
Event: 3.742 GC heap before
{Heap before GC invocations=7 (full 0):
 PSYoungGen      total 70656K, used 43237K [0x00000000d6300000, 0x00000000db100000, 0x0000000100000000)
  eden space 64512K, 57% used [0x00000000d6300000,0x00000000d873f218,0x00000000da200000)
  from space 6144K, 99% used [0x00000000da900000,0x00000000daefa578,0x00000000daf00000)
  to   space 7168K, 0% used [0x00000000da200000,0x00000000da200000,0x00000000da900000)
 ParOldGen       total 86016K, used 609K [0x0000000082800000, 0x0000000087c00000, 0x00000000d6300000)
  object space 86016K, 0% used [0x0000000082800000,0x0000000082898758,0x0000000087c00000)
 Metaspace       used 20484K, capacity 21048K, committed 21248K, reserved 1067008K
  class space    used 2538K, capacity 2698K, committed 2816K, reserved 1048576K
Event: 3.747 GC heap after
Heap after GC invocations=7 (full 0):
 PSYoungGen      total 71680K, used 4918K [0x00000000d6300000, 0x00000000dee00000, 0x0000000100000000)
  eden space 64512K, 0% used [0x00000000d6300000,0x00000000d6300000,0x00000000da200000)
  from space 7168K, 68% used [0x00000000da200000,0x00000000da6cdaf0,0x00000000da900000)
  to   space 6656K, 0% used [0x00000000de780000,0x00000000de780000,0x00000000dee00000)
 ParOldGen       total 86016K, used 3036K [0x0000000082800000, 0x0000000087c00000, 0x00000000d6300000)
  object space 86016K, 3% used [0x0000000082800000,0x0000000082af72f8,0x0000000087c00000)
 Metaspace       used 20484K, capacity 21048K, committed 21248K, reserved 1067008K
  class space    used 2538K, capacity 2698K, committed 2816K, reserved 1048576K
}
Event: 3.748 GC heap before
{Heap before GC invocations=8 (full 1):
 PSYoungGen      total 71680K, used 4918K [0x00000000d6300000, 0x00000000dee00000, 0x0000000100000000)
  eden space 64512K, 0% used [0x00000000d6300000,0x00000000d6300000,0x00000000da200000)
  from space 7168K, 68% used [0x00000000da200000,0x00000000da6cdaf0,0x00000000da900000)
  to   space 6656K, 0% used [0x00000000de780000,0x00000000de780000,0x00000000dee00000)
 ParOldGen       total 86016K, used 3036K [0x0000000082800000, 0x0000000087c00000, 0x00000000d6300000)
  object space 86016K, 3% used [0x0000000082800000,0x0000000082af72f8,0x0000000087c00000)
 Metaspace       used 20484K, capacity 21048K, committed 21248K, reserved 1067008K
  class space    used 2538K, capacity 2698K, committed 2816K, reserved 1048576K
Event: 3.802 GC heap after
Heap after GC invocations=8 (full 1):
 PSYoungGen      total 71680K, used 0K [0x00000000d6300000, 0x00000000dee00000, 0x0000000100000000)
  eden space 64512K, 0% used [0x00000000d6300000,0x00000000d6300000,0x00000000da200000)
  from space 7168K, 0% used [0x00000000da200000,0x00000000da200000,0x00000000da900000)
  to   space 6656K, 0% used [0x00000000de780000,0x00000000de780000,0x00000000dee00000)
 ParOldGen       total 57344K, used 7034K [0x0000000082800000, 0x0000000086000000, 0x00000000d6300000)
  object space 57344K, 12% used [0x0000000082800000,0x0000000082ede8d0,0x0000000086000000)
 Metaspace       used 20482K, capacity 21042K, committed 21248K, reserved 1067008K
  class space    used 2538K, capacity 2697K, committed 2816K, reserved 1048576K
}
Event: 5.564 GC heap before
{Heap before GC invocations=9 (full 1):
 PSYoungGen      total 71680K, used 64512K [0x00000000d6300000, 0x00000000dee00000, 0x0000000100000000)
  eden space 64512K, 100% used [0x00000000d6300000,0x00000000da200000,0x00000000da200000)
  from space 7168K, 0% used [0x00000000da200000,0x00000000da200000,0x00000000da900000)
  to   space 6656K, 0% used [0x00000000de780000,0x00000000de780000,0x00000000dee00000)
 ParOldGen       total 57344K, used 7034K [0x0000000082800000, 0x0000000086000000, 0x00000000d6300000)
  object space 57344K, 12% used [0x0000000082800000,0x0000000082ede8d0,0x0000000086000000)
 Metaspace       used 23167K, capacity 23834K, committed 23936K, reserved 1071104K
  class space    used 2970K, capacity 3149K, committed 3200K, reserved 1048576K
Event: 5.568 GC heap after
Heap after GC invocations=9 (full 1):
 PSYoungGen      total 98304K, used 3358K [0x00000000d6300000, 0x00000000deb00000, 0x0000000100000000)
  eden space 94720K, 0% used [0x00000000d6300000,0x00000000d6300000,0x00000000dbf80000)
  from space 3584K, 93% used [0x00000000de780000,0x00000000deac7900,0x00000000deb00000)
  to   space 6656K, 0% used [0x00000000dde00000,0x00000000dde00000,0x00000000de480000)
 ParOldGen       total 57344K, used 7042K [0x0000000082800000, 0x0000000086000000, 0x00000000d6300000)
  object space 57344K, 12% used [0x0000000082800000,0x0000000082ee08d0,0x0000000086000000)
 Metaspace       used 23167K, capacity 23834K, committed 23936K, reserved 1071104K
  class space    used 2970K, capacity 3149K, committed 3200K, reserved 1048576K
}

Deoptimization events (10 events):
Event: 5.179 Thread 0x000002cec9b89000 Uncommon trap: reason=unstable_if action=reinterpret pc=0x000002ceca05d914 method=java.net.URL.<init>(Ljava/net/URL;Ljava/lang/String;Ljava/net/URLStreamHandler;)V @ 347
Event: 5.440 Thread 0x000002cec9b89000 Uncommon trap: reason=class_check action=maybe_recompile pc=0x000002ceca0ab778 method=java.util.HashMap.putVal(ILjava/lang/Object;Ljava/lang/Object;ZZ)Ljava/lang/Object; @ 203
Event: 5.462 Thread 0x000002cec9b89000 Uncommon trap: reason=class_check action=maybe_recompile pc=0x000002cec9d4adcc method=java.lang.String.equals(Ljava/lang/Object;)Z @ 8
Event: 5.466 Thread 0x000002cec9b89000 Uncommon trap: reason=class_check action=maybe_recompile pc=0x000002cec9d4adcc method=java.lang.String.equals(Ljava/lang/Object;)Z @ 8
Event: 5.466 Thread 0x000002cec9b89000 Uncommon trap: reason=class_check action=maybe_recompile pc=0x000002cec9d4adcc method=java.lang.String.equals(Ljava/lang/Object;)Z @ 8
Event: 5.466 Thread 0x000002cec9b89000 Uncommon trap: reason=class_check action=maybe_recompile pc=0x000002cec9d4adcc method=java.lang.String.equals(Ljava/lang/Object;)Z @ 8
Event: 5.548 Thread 0x000002cec9b89000 Uncommon trap: reason=unstable_if action=reinterpret pc=0x000002ceca0d8e4c method=java.util.concurrent.ConcurrentHashMap.putVal(Ljava/lang/Object;Ljava/lang/Object;Z)Ljava/lang/Object; @ 206
Event: 5.648 Thread 0x000002cec9b89000 Uncommon trap: reason=unstable_if action=reinterpret pc=0x000002ceca1d3198 method=java.io.WinNTFileSystem.normalize(Ljava/lang/String;)Ljava/lang/String; @ 128
Event: 5.648 Thread 0x000002cec9b89000 Uncommon trap: reason=unstable_if action=reinterpret pc=0x000002cec9dc8b34 method=java.io.WinNTFileSystem.normalize(Ljava/lang/String;)Ljava/lang/String; @ 128
Event: 6.190 Thread 0x000002cec9b89000 Uncommon trap: reason=loop_limit_check action=maybe_recompile pc=0x000002ceca323690 method=org.springframework.util.AntPathMatcher.doMatch(Ljava/lang/String;Ljava/lang/String;ZLjava/util/Map;)Z @ 596

Classes redefined (1 events):
Event: 1.355 Thread 0x000002cede306800 redefined class name=java.lang.Throwable, count=1

Internal exceptions (10 events):
Event: 5.615 Thread 0x000002cec9b89000 Exception <a 'java/lang/ClassNotFoundException': org/springframework/beans/factory/support/BeanDefinitionRegistryPostProcessorCustomizer> (0x00000000d680bbe8) thrown at [C:\wsjdk\Corretto8Src\installers\windows\zip\corretto-build\buildRoot\hotspot\src\sha
Event: 5.615 Thread 0x000002cec9b89000 Exception <a 'java/lang/ClassNotFoundException': org/springframework/beans/factory/config/BeanFactoryPostProcessorCustomizer> (0x00000000d684d5e0) thrown at [C:\wsjdk\Corretto8Src\installers\windows\zip\corretto-build\buildRoot\hotspot\src\share\vm\classf
Event: 5.616 Thread 0x000002cec9b89000 Exception <a 'java/lang/ClassNotFoundException': org/springframework/core/PriorityOrderedCustomizer> (0x00000000d687ce30) thrown at [C:\wsjdk\Corretto8Src\installers\windows\zip\corretto-build\buildRoot\hotspot\src\share\vm\classfile\systemDictionary.cpp,
Event: 5.617 Thread 0x000002cec9b89000 Exception <a 'java/lang/ClassNotFoundException': org/springframework/core/OrderedCustomizer> (0x00000000d68a66a8) thrown at [C:\wsjdk\Corretto8Src\installers\windows\zip\corretto-build\buildRoot\hotspot\src\share\vm\classfile\systemDictionary.cpp, line 21
Event: 5.617 Thread 0x000002cec9b89000 Exception <a 'java/lang/ClassNotFoundException': org/springframework/context/ResourceLoaderAwareCustomizer> (0x00000000d68daf70) thrown at [C:\wsjdk\Corretto8Src\installers\windows\zip\corretto-build\buildRoot\hotspot\src\share\vm\classfile\systemDictiona
Event: 5.618 Thread 0x000002cec9b89000 Exception <a 'java/lang/ClassNotFoundException': org/springframework/beans/factory/AwareCustomizer> (0x00000000d690ac80) thrown at [C:\wsjdk\Corretto8Src\installers\windows\zip\corretto-build\buildRoot\hotspot\src\share\vm\classfile\systemDictionary.cpp, 
Event: 5.619 Thread 0x000002cec9b89000 Exception <a 'java/lang/ClassNotFoundException': org/springframework/beans/factory/BeanClassLoaderAwareCustomizer> (0x00000000d6943a88) thrown at [C:\wsjdk\Corretto8Src\installers\windows\zip\corretto-build\buildRoot\hotspot\src\share\vm\classfile\systemD
Event: 5.619 Thread 0x000002cec9b89000 Exception <a 'java/lang/ClassNotFoundException': org/springframework/beans/factory/AwareCustomizer> (0x00000000d69737c0) thrown at [C:\wsjdk\Corretto8Src\installers\windows\zip\corretto-build\buildRoot\hotspot\src\share\vm\classfile\systemDictionary.cpp, 
Event: 5.620 Thread 0x000002cec9b89000 Exception <a 'java/lang/ClassNotFoundException': org/springframework/context/EnvironmentAwareCustomizer> (0x00000000d69a56f8) thrown at [C:\wsjdk\Corretto8Src\installers\windows\zip\corretto-build\buildRoot\hotspot\src\share\vm\classfile\systemDictionary.
Event: 5.621 Thread 0x000002cec9b89000 Exception <a 'java/lang/ClassNotFoundException': org/springframework/beans/factory/AwareCustomizer> (0x00000000d69d5310) thrown at [C:\wsjdk\Corretto8Src\installers\windows\zip\corretto-build\buildRoot\hotspot\src\share\vm\classfile\systemDictionary.cpp, 

Events (10 events):
Event: 7.112 loading class javax/validation/Constraint
Event: 7.112 loading class javax/validation/Constraint done
Event: 7.133 loading class com/fasterxml/jackson/annotation/JsonProperty
Event: 7.133 loading class com/fasterxml/jackson/annotation/JsonProperty done
Event: 7.135 loading class com/fasterxml/jackson/annotation/JsonProperty$Access
Event: 7.135 loading class com/fasterxml/jackson/annotation/JsonProperty$Access done
Event: 7.136 loading class com/fasterxml/jackson/annotation/JacksonAnnotation
Event: 7.136 loading class com/fasterxml/jackson/annotation/JacksonAnnotation done
Event: 7.274 loading class org/springframework/asm/FieldVisitor
Event: 7.274 loading class org/springframework/asm/FieldVisitor done


Dynamic libraries:
0x00007ff6a0200000 - 0x00007ff6a0246000 	C:\Users\Administrator\.jdks\corretto-1.8.0_452\bin\java.exe
0x00007fff6a8b0000 - 0x00007fff6aaa8000 	C:\WINDOWS\SYSTEM32\ntdll.dll
0x00007fff69700000 - 0x00007fff697c2000 	C:\WINDOWS\System32\KERNEL32.DLL
0x00007fff68320000 - 0x00007fff68616000 	C:\WINDOWS\System32\KERNELBASE.dll
0x00007fff6a5d0000 - 0x00007fff6a681000 	C:\WINDOWS\System32\ADVAPI32.dll
0x00007fff6a090000 - 0x00007fff6a12e000 	C:\WINDOWS\System32\msvcrt.dll
0x00007fff69960000 - 0x00007fff699ff000 	C:\WINDOWS\System32\sechost.dll
0x00007fff6a6b0000 - 0x00007fff6a7d0000 	C:\WINDOWS\System32\RPCRT4.dll
0x00007fff67f40000 - 0x00007fff67f67000 	C:\WINDOWS\System32\bcrypt.dll
0x00007fff6a130000 - 0x00007fff6a2d1000 	C:\WINDOWS\System32\USER32.dll
0x00007fff68130000 - 0x00007fff68152000 	C:\WINDOWS\System32\win32u.dll
0x00007fff69a00000 - 0x00007fff69a2b000 	C:\WINDOWS\System32\GDI32.dll
0x00007fff67f70000 - 0x00007fff68089000 	C:\WINDOWS\System32\gdi32full.dll
0x00007fff68090000 - 0x00007fff6812d000 	C:\WINDOWS\System32\msvcp_win.dll
0x00007fff687d0000 - 0x00007fff688d0000 	C:\WINDOWS\System32\ucrtbase.dll
0x00007fff4dd30000 - 0x00007fff4dfcb000 	C:\WINDOWS\WinSxS\amd64_microsoft.windows.common-controls_6595b64144ccf1df_6.0.19041.6456_none_60b8a6cb71f64256\COMCTL32.dll
0x00007fff69eb0000 - 0x00007fff69edf000 	C:\WINDOWS\System32\IMM32.DLL
0x00007fff4d280000 - 0x00007fff4d295000 	C:\Users\Administrator\.jdks\corretto-1.8.0_452\jre\bin\vcruntime140.dll
0x00007fff33000000 - 0x00007fff3309b000 	C:\Users\Administrator\.jdks\corretto-1.8.0_452\jre\bin\msvcp140.dll
0x000000005f930000 - 0x000000006018d000 	C:\Users\Administrator\.jdks\corretto-1.8.0_452\jre\bin\server\jvm.dll
0x00007fff6a3b0000 - 0x00007fff6a3b8000 	C:\WINDOWS\System32\PSAPI.DLL
0x00007fff65890000 - 0x00007fff658b7000 	C:\WINDOWS\SYSTEM32\WINMM.dll
0x00007fff5eb20000 - 0x00007fff5eb2a000 	C:\WINDOWS\SYSTEM32\VERSION.dll
0x00007fff63750000 - 0x00007fff63759000 	C:\WINDOWS\SYSTEM32\WSOCK32.dll
0x00007fff6a4e0000 - 0x00007fff6a54b000 	C:\WINDOWS\System32\ws2_32.DLL
0x00007fff66750000 - 0x00007fff66762000 	C:\WINDOWS\SYSTEM32\kernel.appcore.dll
0x00007fff58620000 - 0x00007fff58630000 	C:\Users\Administrator\.jdks\corretto-1.8.0_452\jre\bin\verify.dll
0x00007fff3b830000 - 0x00007fff3b85b000 	C:\Users\Administrator\.jdks\corretto-1.8.0_452\jre\bin\java.dll
0x00007fff63960000 - 0x00007fff63996000 	C:\Users\Administrator\.jdks\corretto-1.8.0_452\jre\bin\jdwp.dll
0x00007fff656f0000 - 0x00007fff656f9000 	C:\Users\Administrator\.jdks\corretto-1.8.0_452\jre\bin\npt.dll
0x00007fff5c9f0000 - 0x00007fff5ca22000 	C:\Users\Administrator\.jdks\corretto-1.8.0_452\jre\bin\instrument.dll
0x00007fff25ff0000 - 0x00007fff26201000 	C:\Users\Administrator\AppData\Local\Temp\idea_libasyncProfiler_dll_temp_folder7896\libasyncProfiler.dll
0x00007fff40db0000 - 0x00007fff40dc8000 	C:\Users\Administrator\.jdks\corretto-1.8.0_452\jre\bin\zip.dll
0x00007fff68e80000 - 0x00007fff695f0000 	C:\WINDOWS\System32\SHELL32.dll
0x00007fff65f90000 - 0x00007fff66735000 	C:\WINDOWS\SYSTEM32\windows.storage.dll
0x00007fff69a30000 - 0x00007fff69d84000 	C:\WINDOWS\System32\combase.dll
0x00007fff67970000 - 0x00007fff6799b000 	C:\WINDOWS\SYSTEM32\Wldp.dll
0x00007fff6a2e0000 - 0x00007fff6a3ad000 	C:\WINDOWS\System32\OLEAUT32.dll
0x00007fff69d90000 - 0x00007fff69e3d000 	C:\WINDOWS\System32\SHCORE.dll
0x00007fff69e40000 - 0x00007fff69e9b000 	C:\WINDOWS\System32\shlwapi.dll
0x00007fff67e70000 - 0x00007fff67e94000 	C:\WINDOWS\SYSTEM32\profapi.dll
0x00007fff656e0000 - 0x00007fff656ea000 	C:\Users\Administrator\.jdks\corretto-1.8.0_452\jre\bin\dt_socket.dll
0x00007fff676d0000 - 0x00007fff6773a000 	C:\WINDOWS\system32\mswsock.dll
0x00007fff5c9e0000 - 0x00007fff5c9ed000 	C:\Users\Administrator\.jdks\corretto-1.8.0_452\jre\bin\management.dll
0x00007fff3d830000 - 0x00007fff3d84c000 	C:\Users\Administrator\.jdks\corretto-1.8.0_452\jre\bin\net.dll
0x00007fff3d810000 - 0x00007fff3d827000 	C:\WINDOWS\system32\napinsp.dll
0x00007fff3d7f0000 - 0x00007fff3d80b000 	C:\WINDOWS\system32\pnrpnsp.dll
0x00007fff63cc0000 - 0x00007fff63cdd000 	C:\WINDOWS\system32\wshbth.dll
0x00007fff62510000 - 0x00007fff6252d000 	C:\WINDOWS\system32\NLAapi.dll
0x00007fff67360000 - 0x00007fff6739b000 	C:\WINDOWS\SYSTEM32\IPHLPAPI.DLL
0x00007fff673b0000 - 0x00007fff6747a000 	C:\WINDOWS\SYSTEM32\DNSAPI.dll
0x00007fff6a7d0000 - 0x00007fff6a7d8000 	C:\WINDOWS\System32\NSI.dll
0x00007fff3d430000 - 0x00007fff3d442000 	C:\WINDOWS\System32\winrnr.dll
0x00007fff516d0000 - 0x00007fff516da000 	C:\Windows\System32\rasadhlp.dll
0x00007fff51740000 - 0x00007fff517c0000 	C:\WINDOWS\System32\fwpuclnt.dll
0x00007fff3afb0000 - 0x00007fff3afc3000 	C:\Users\Administrator\.jdks\corretto-1.8.0_452\jre\bin\nio.dll

VM Arguments:
jvm_args: -agentlib:jdwp=transport=dt_socket,address=127.0.0.1:51525,suspend=y,server=n -javaagent:C:\Users\Administrator\AppData\Local\JetBrains\IntelliJIdea2025.2\captureAgent\debugger-agent.jar=file:///C:/Users/ADMINI~1/AppData/Local/Temp/capture2006876732665116320.props -agentpath:C:\Users\Administrator\AppData\Local\Temp\idea_libasyncProfiler_dll_temp_folder7896\libasyncProfiler.dll=version,jfr,event=wall,interval=10ms,cstack=no,file=C:\Users\Administrator\IdeaSnapshots\CrmebAdminApplication_2026_08_23_235635.jfr,dbghelppath=C:\Users\Administrator\AppData\Local\Temp\idea_dbghelp_dll_temp_folder5\dbghelp.dll,log=C:\Users\Administrator\AppData\Local\Temp\CrmebAdminApplication_2026_08_23_235635.jfr.log.txt,logLevel=DEBUG -Dkotlinx.coroutines.debug.enable.creation.stack.trace=false -Ddebugger.agent.enable.coroutines=true -Dkotlinx.coroutines.debug.enable.flows.stack.trace=true -Dkotlinx.coroutines.debug.enable.mutable.state.flows.stack.trace=true -Dfile.encoding=UTF-8 
java_command: com.zbkj.admin.CrmebAdminApplication
java_class_path (initial): C:\Users\Administrator\.jdks\corretto-1.8.0_452\jre\lib\charsets.jar;C:\Users\Administrator\.jdks\corretto-1.8.0_452\jre\lib\ext\access-bridge-64.jar;C:\Users\Administrator\.jdks\corretto-1.8.0_452\jre\lib\ext\cldrdata.jar;C:\Users\Administrator\.jdks\corretto-1.8.0_452\jre\lib\ext\dnsns.jar;C:\Users\Administrator\.jdks\corretto-1.8.0_452\jre\lib\ext\jaccess.jar;C:\Users\Administrator\.jdks\corretto-1.8.0_452\jre\lib\ext\jfxrt.jar;C:\Users\Administrator\.jdks\corretto-1.8.0_452\jre\lib\ext\localedata.jar;C:\Users\Administrator\.jdks\corretto-1.8.0_452\jre\lib\ext\nashorn.jar;C:\Users\Administrator\.jdks\corretto-1.8.0_452\jre\lib\ext\sunec.jar;C:\Users\Administrator\.jdks\corretto-1.8.0_452\jre\lib\ext\sunjce_provider.jar;C:\Users\Administrator\.jdks\corretto-1.8.0_452\jre\lib\ext\sunmscapi.jar;C:\Users\Administrator\.jdks\corretto-1.8.0_452\jre\lib\ext\sunpkcs11.jar;C:\Users\Administrator\.jdks\corretto-1.8.0_452\jre\lib\ext\zipfs.jar;C:\Users\Administrator\.jdks\corretto-1.8.0_452\jre\lib\jce.jar;C:\Users\Administrator\.jdks\corretto-1.8.0_452\jre\lib\jfr.jar;C:\Users\Administrator\.jdks\corretto-1.8.0_452\jre\lib\jfxswt.jar;C:\Users\Administrator\.jdks\corretto-1.8.0_452\jre\lib\jsse.jar;C:\Users\Administrator\.jdks\corretto-1.8.0_452\jre\lib\management-agent.jar;C:\Users\Administrator\.jdks\corretto-1.8.0_452\jre\lib\resources.jar;C:\Users\Administrator\.jdks\corretto-1.8.0_452\jre\lib\rt.jar;D:\workspacenew\morelanguage\code\mer_java\crmeb-admin\target\classes;D:\workspacenew\morelanguage\code\mer_java\crmeb-service\target\classes;D:\workspacenew\morelanguage\code\mer_java\crmeb-common\target\classes;C:\Users\Administrator\.m2\repository\javax\servlet\javax.servlet-api\4.0.1\javax.servlet-api-4.0.1.jar;C:\Users\Administrator\.m2\repository\javax\servlet\jstl\1.2\jstl-1.2.jar;C:\Users\Administrator\.m2\repository\org\apache\tomcat\embed\tomcat-embed-jasper\9.0.33\tomcat-embed-jasper-9.0.33.jar;C:\Users\Administrator\.m2\repository\or
Launcher Type: SUN_STANDARD

Environment Variables:
JAVA_HOME=E:\jdk
PATH=E:\jdk\bin;C:\Program Files\Common Files\Oracle\Java\javapath;C:\Program Files (x86)\Common Files\Oracle\Java\java8path;C:\Program Files (x86)\Common Files\Oracle\Java\javapath;C:\WINDOWS\system32;C:\WINDOWS;C:\WINDOWS\System32\Wbem;C:\WINDOWS\System32\WindowsPowerShell\v1.0\;C:\WINDOWS\System32\OpenSSH\;E:\haoyou\develop\tools\node\soft16\;E:\haoyou\develop\tools\xshell\shell\;E:\haoyou\develop\tools\xshell\ftp\;C:\Program Files\Git\cmd;D:\;;C:\Windows\dll;;C:\Program Files\python;C:\Program Files\python\Scripts;;E:\haoyou\common\bt\BtSoft\panel\script;E:\jdk\bin;C:\Program Files\Common Files\Oracle\Java\javapath;C:\Program Files (x86)\Common Files\Oracle\Java\java8path;C:\Program Files (x86)\Common Files\Oracle\Java\javapath;C:\WINDOWS\system32;C:\WINDOWS;C:\WINDOWS\System32\Wbem;C:\WINDOWS\System32\WindowsPowerShell\v1.0\;C:\WINDOWS\System32\OpenSSH\;E:\haoyou\develop\tools\node\soft16\;E:\haoyou\develop\tools\xshell\shell\;E:\haoyou\develop\tools\xshell\ftp\;C:\Program Files\Git\cmd;D:\;;C:\Windows\dll;;C:\Program Files\python;C:\Program Files\python\Scripts;;E:\haoyou\common\bt\BtSoft\panel\script;C:\Users\Administrator\.local\bin;C:\Users\Administrator\AppData\Local\Microsoft\WindowsApps;java_home;E:\haoyou\develop\tools\vscode\soft\Microsoft VS Code\bin;C:\Users\Administrator\AppData\Roaming\npm;E:\haoyou\develop\tools\cursor\install\cursor\resources\app\bin;C:\Users\Administrator\.local\bin
USERNAME=Administrator
OS=Windows_NT
PROCESSOR_IDENTIFIER=Intel64 Family 6 Model 165 Stepping 2, GenuineIntel



---------------  S Y S T E M  ---------------

OS: Windows 10 , 64 bit Build 19041 (10.0.19041.5915)

CPU:total 12 (initial active 12) (6 cores per cpu, 2 threads per core) family 6 model 165 stepping 2, cmov, cx8, fxsr, mmx, sse, sse2, sse3, ssse3, sse4.1, sse4.2, popcnt, avx, avx2, aes, clmul, erms, 3dnowpref, lzcnt, ht, tsc, tscinvbit, bmi1, bmi2, adx

Memory: 4k page, physical 8219972k(439380k free), swap 33385796k(12084k free)

vm_info: OpenJDK 64-Bit Server VM (25.452-b09) for windows-amd64 JRE (1.8.0_452-b09), built on Apr 12 2025 14:09:21 by "Administrator" with MS VC++ 15.9 (VS2017)

time: Sun Aug 23 23:56:43 2026
timezone: Intel64 Family 6 Model 165 Stepping 2, GenuineIntel
elapsed time: 7.437009 seconds (0d 0h 0m 7s)

